hello yuanquan
